ERROR: Unable to send packet on channel 0, max channels: 0
   at: send (modules/enet/enet_packet_peer.cpp:64)
Godot Engine v4.7.2.stable.official.ed1daf0bf - https://godotengine.org

ENV mode=server display=headless renderer=gl_compatibility adapter= vendor= api= window=(0, 0) vsync=1
SRV listen port=24555 err=0
SER wall=0 sim=0.00 peers=0 ships[1:h=3.20,x=701]
SER wall=1 sim=0.00 peers=0 ships[1:h=3.20,x=701]
SER wall=2 sim=0.00 peers=0 ships[1:h=3.20,x=701]
SER wall=3 sim=0.00 peers=0 ships[1:h=3.20,x=701]
SER wall=4 sim=0.00 peers=0 ships[1:h=3.20,x=701]
SER wall=5 sim=0.00 peers=0 ships[1:h=3.20,x=701]
SRV join id=1171913986 wall=5.26 peers=1
SRV join id=1389016409 wall=5.27 peers=2
SER wall=6 sim=0.75 peers=2 ships[1:h=4.01,x=675 1171913986:h=3.35,x=968 1389016409:h=5.67,x=355]
SER wall=7 sim=1.75 peers=2 ships[1:h=5.18,x=670 1171913986:h=2.15,x=935 1389016409:h=0.58,x=461]
SER wall=8 sim=2.75 peers=2 ships[1:h=0.09,x=764 1171913986:h=0.95,x=943 1389016409:h=1.78,x=502]
SER wall=9 sim=3.75 peers=2 ships[1:h=1.19,x=851 1171913986:h=6.03,x=1043 1389016409:h=2.98,x=467]
SER wall=10 sim=4.75 peers=2 ships[1:h=2.10,x=845 1171913986:h=4.83,x=1115 1389016409:h=4.18,x=433]
SER wall=11 sim=5.75 peers=2 ships[1:h=2.73,x=805 1171913986:h=3.63,x=1086 1389016409:h=5.38,x=446]
SER wall=12 sim=6.75 peers=2 ships[1:h=3.05,x=778 1171913986:h=2.43,x=1056 1389016409:h=0.30,x=547]
SER wall=13 sim=7.75 peers=2 ships[1:h=3.00,x=757 1171913986:h=1.23,x=1041 1389016409:h=1.50,x=615]
SER wall=14 sim=8.75 peers=2 ships[1:h=2.61,x=726 1171913986:h=0.03,x=1129 1389016409:h=2.70,x=585]
SER wall=15 sim=9.75 peers=2 ships[1:h=1.90,x=687 1171913986:h=5.12,x=1219 1389016409:h=3.90,x=554]
SRV join id=1547039205 wall=15.39 peers=3
SRV join id=1958508157 wall=15.40 peers=4
SER wall=16 sim=10.75 peers=4 ships[1:h=0.94,x=704 1171913986:h=3.92,x=1207 1389016409:h=5.10,x=542 1547039205:h=5.09,x=327 1958508157:h=2.76,x=1460]
SER wall=17 sim=11.75 peers=4 ships[1:h=6.09,x=804 1171913986:h=2.72,x=1176 1389016409:h=0.02,x=633 1547039205:h=5.69,x=401 1958508157:h=2.76,x=1427]
SER wall=18 sim=12.75 peers=4 ships[1:h=4.90,x=880 1171913986:h=1.52,x=1146 1389016409:h=1.22,x=720 1547039205:h=0.01,x=507 1958508157:h=2.76,x=1393]
SER wall=19 sim=13.75 peers=4 ships[1:h=3.74,x=855 1171913986:h=0.32,x=1215 1389016409:h=2.42,x=705 1547039205:h=0.61,x=612 1958508157:h=2.76,x=1359]
SER wall=20 sim=14.75 peers=4 ships[1:h=2.73,x=827 1171913986:h=5.40,x=1316 1389016409:h=3.62,x=674 1547039205:h=1.21,x=684 1958508157:h=2.76,x=1325]
SER wall=21 sim=15.75 peers=4 ships[1:h=1.96,x=788 1171913986:h=4.20,x=1328 1389016409:h=4.82,x=647 1547039205:h=1.81,x=690 1958508157:h=2.76,x=1291]
SER wall=22 sim=16.75 peers=4 ships[1:h=1.49,x=777 1171913986:h=3.00,x=1294 1389016409:h=6.02,x=719 1547039205:h=2.41,x=654 1958508157:h=2.76,x=1257]
SER wall=23 sim=17.75 peers=4 ships[1:h=1.36,x=796 1171913986:h=1.80,x=1259 1389016409:h=0.94,x=819 1547039205:h=3.01,x=620 1958508157:h=2.76,x=1224]
SER wall=24 sim=18.75 peers=4 ships[1:h=1.59,x=810 1171913986:h=0.60,x=1301 1389016409:h=2.14,x=826 1547039205:h=3.61,x=593 1958508157:h=2.76,x=1190]
SER wall=25 sim=19.75 peers=4 ships[1:h=2.17,x=787 1171913986:h=5.68,x=1406 1389016409:h=3.34,x=793 1547039205:h=4.21,x=553 1958508157:h=2.76,x=1156]
SRV leave id=1958508157 wall=25.04 peers=3
SRV leave id=1547039205 wall=25.05 peers=2
SER wall=26 sim=20.75 peers=2 ships[1:h=3.37,x=754 1171913986:h=4.48,x=1446 1389016409:h=4.54,x=758]
SER wall=27 sim=21.75 peers=2 ships[1:h=4.57,x=720 1171913986:h=3.28,x=1410 1389016409:h=5.74,x=805]
SER wall=28 sim=22.75 peers=2 ships[1:h=5.75,x=768 1171913986:h=2.08,x=1377 1389016409:h=0.65,x=910]
SER wall=29 sim=23.75 peers=2 ships[1:h=0.65,x=874 1171913986:h=0.88,x=1391 1389016409:h=1.85,x=944]
SER wall=30 sim=24.75 peers=2 ships[1:h=1.74,x=913 1171913986:h=5.97,x=1493 1389016409:h=3.05,x=909]
SER wall=31 sim=25.75 peers=2 ships[1:h=2.73,x=876 1171913986:h=4.77,x=1559 1389016409:h=4.25,x=875]
SER wall=32 sim=26.75 peers=2 ships[1:h=3.93,x=846 1171913986:h=3.57,x=1528 1389016409:h=5.45,x=894]
SER wall=33 sim=27.75 peers=2 ships[1:h=4.34,x=809 1171913986:h=2.37,x=1498 1389016409:h=0.37,x=997]
SER wall=34 sim=28.75 peers=2 ships[1:h=4.27,x=779 1171913986:h=1.17,x=1487 1389016409:h=1.57,x=1059]
SER wall=35 sim=29.75 peers=2 ships[1:h=3.86,x=739 1171913986:h=6.25,x=1578 1389016409:h=2.77,x=1027]
SER wall=36 sim=30.75 peers=2 ships[1:h=3.14,x=707 1171913986:h=5.05,x=1665 1389016409:h=3.97,x=995]
SER wall=37 sim=31.75 peers=2 ships[1:h=2.16,x=672 1171913986:h=3.85,x=1648 1389016409:h=5.17,x=989]
SRV leave id=1171913986 wall=37.55 peers=1
SER wall=38 sim=32.75 peers=1 ships[1:h=1.03,x=674 1389016409:h=0.09,x=1083]
SER wall=39 sim=33.75 peers=1 ships[1:h=6.11,x=772 1389016409:h=1.29,x=1166]
SRV leave id=1389016409 wall=39.57 peers=0
SER wall=40 sim=34.30 peers=0 ships[1:h=5.47,x=827]
SER wall=41 sim=34.30 peers=0 ships[1:h=5.47,x=827]
SER wall=42 sim=34.30 peers=0 ships[1:h=5.47,x=827]
SER wall=43 sim=34.30 peers=0 ships[1:h=5.47,x=827]
SER wall=44 sim=34.30 peers=0 ships[1:h=5.47,x=827]
SER wall=45 sim=34.30 peers=0 ships[1:h=5.47,x=827]
SER wall=46 sim=34.30 peers=0 ships[1:h=5.47,x=827]
SER wall=47 sim=34.30 peers=0 ships[1:h=5.47,x=827]
SER wall=48 sim=34.30 peers=0 ships[1:h=5.47,x=827]
SER wall=49 sim=34.30 peers=0 ships[1:h=5.47,x=827]
SER wall=50 sim=34.30 peers=0 ships[1:h=5.47,x=827]
SRV join id=303750878 wall=50.42 peers=1
SER wall=51 sim=34.88 peers=1 ships[1:h=4.82,x=854 303750878:h=3.00,x=1438]
SER wall=52 sim=35.90 peers=1 ships[1:h=3.83,x=826 303750878:h=4.22,x=1404]
SER wall=53 sim=36.90 peers=1 ships[1:h=3.11,x=796 303750878:h=5.42,x=1420]
SER wall=54 sim=37.90 peers=1 ships[1:h=2.71,x=767 303750878:h=0.34,x=1522]
SER wall=55 sim=38.90 peers=1 ships[1:h=2.66,x=730 303750878:h=1.54,x=1587]
SER wall=56 sim=39.90 peers=1 ships[1:h=2.96,x=697 303750878:h=2.74,x=1555]
SER wall=57 sim=40.90 peers=1 ships[1:h=3.59,x=672 303750878:h=3.94,x=1524]
SER wall=58 sim=41.90 peers=1 ships[1:h=4.50,x=634 303750878:h=5.14,x=1515]
SER wall=59 sim=42.90 peers=1 ships[1:h=5.59,x=671 303750878:h=0.06,x=1608]
SER wall=60 sim=43.88 peers=1 ships[1:h=0.47,x=774 303750878:h=1.24,x=1693]
SER wall=61 sim=44.88 peers=1 ships[1:h=1.65,x=827 303750878:h=2.44,x=1676]
SER wall=62 sim=45.88 peers=1 ships[1:h=2.71,x=792 303750878:h=3.64,x=1646]
SER wall=63 sim=46.88 peers=1 ships[1:h=3.56,x=765 303750878:h=4.84,x=1618]
SER wall=64 sim=47.90 peers=1 ships[1:h=4.13,x=724 303750878:h=6.06,x=1694]
SER wall=65 sim=48.90 peers=1 ships[1:h=4.35,x=690 303750878:h=0.97,x=1792]
SRV leave id=303750878 wall=65.45 peers=0
SER wall=66 sim=49.33 peers=0 ships[1:h=4.33,x=677]
SER wall=67 sim=49.33 peers=0 ships[1:h=4.33,x=677]
SER wall=68 sim=49.33 peers=0 ships[1:h=4.33,x=677]
SER wall=69 sim=49.33 peers=0 ships[1:h=4.33,x=677]
SER wall=70 sim=49.33 peers=0 ships[1:h=4.33,x=677]
SER wall=71 sim=49.33 peers=0 ships[1:h=4.33,x=677]
SER wall=72 sim=49.33 peers=0 ships[1:h=4.33,x=677]
SER wall=73 sim=49.33 peers=0 ships[1:h=4.33,x=677]
SER wall=74 sim=49.33 peers=0 ships[1:h=4.33,x=677]
SER wall=75 sim=49.33 peers=0 ships[1:h=4.33,x=677]
SER wall=76 sim=49.33 peers=0 ships[1:h=4.33,x=677]
SER wall=77 sim=49.33 peers=0 ships[1:h=4.33,x=677]
SER wall=78 sim=49.33 peers=0 ships[1:h=4.33,x=677]
SER wall=79 sim=49.33 peers=0 ships[1:h=4.33,x=677]
SER wall=80 sim=49.33 peers=0 ships[1:h=4.33,x=677]
SRV join id=1743905862 wall=80.44 peers=1
SER wall=81 sim=49.90 peers=1 ships[1:h=4.21,x=658 1743905862:h=0.67,x=1408]
SER wall=82 sim=50.90 peers=1 ships[1:h=3.73,x=617 1743905862:h=5.75,x=1513]
SER wall=83 sim=51.90 peers=1 ships[1:h=2.95,x=589 1743905862:h=4.55,x=1560]
SER wall=84 sim=52.90 peers=1 ships[1:h=1.93,x=551 1743905862:h=3.35,x=1524]
SER wall=85 sim=53.90 peers=1 ships[1:h=0.78,x=577 1743905862:h=2.15,x=1492]
SRV leave id=1743905862 wall=85.09 peers=0
SER wall=86 sim=53.97 peers=0 ships[1:h=0.70,x=583]
SER wall=87 sim=53.97 peers=0 ships[1:h=0.70,x=583]
SER wall=88 sim=53.97 peers=0 ships[1:h=0.70,x=583]
SER wall=89 sim=53.97 peers=0 ships[1:h=0.70,x=583]
SER wall=90 sim=53.97 peers=0 ships[1:h=0.70,x=583]
SER wall=91 sim=53.97 peers=0 ships[1:h=0.70,x=583]
SER wall=92 sim=53.97 peers=0 ships[1:h=0.70,x=583]
SER wall=93 sim=53.97 peers=0 ships[1:h=0.70,x=583]
SER wall=94 sim=53.97 peers=0 ships[1:h=0.70,x=583]
SER wall=95 sim=53.97 peers=0 ships[1:h=0.70,x=583]
