Godot Engine v4.7.2.stable.official.ed1daf0bf - https://godotengine.org
OpenGL API 4.1 Metal - 90.5 - Compatibility - Using Device: Apple - Apple M5

BENCH_DISPLAY window=(1920, 1080) canvas=(1280.0, 720.0) scale=2.0 pid=31641
BENCH frames=5769 steps=3899 p99_ms=16.402 over_16.67_percent=0.93603744149766 draw_calls=498.0 primitives=52511.0
WARNING: 13 ObjectDB instances were leaked at exit (run with `--verbose` for details).
   at: cleanup (core/object/object.cpp:2536)
ERROR: 1 resources still in use at exit (run with --verbose for details).
   at: clear (core/io/resource.cpp:822)
       65.54 real        23.04 user         5.82 sys
           295452672  maximum resident set size
                   0  average shared memory size
                   0  average unshared data size
                   0  average unshared stack size
             1268249  page reclaims
                  32  page faults
                   0  swaps
                   0  block input operations
                   0  block output operations
                   3  messages sent
                   0  messages received
                   0  signals received
                  33  voluntary context switches
               81874  involuntary context switches
        515906213427  instructions retired
        109319046296  cycles elapsed
           332973160  peak memory footprint
