Godot Engine v4.7.2.stable.official.ed1daf0bf - https://godotengine.org
OpenGL API 4.1 Metal - 90.5 - Compatibility - Using Device: Apple - Apple M5

BENCH_DISPLAY window=(1920, 1080) canvas=(1280.0, 720.0) scale=2.0 pid=28167
BENCH frames=4828 steps=3902 p99_ms=22.202 over_16.67_percent=4.9917149958575 draw_calls=289.0 primitives=38435.0
       65.77 real        19.78 user         4.99 sys
           296468480  maximum resident set size
                   0  average shared memory size
                   0  average unshared data size
                   0  average unshared stack size
              754204  page reclaims
                   1  page faults
                   0  swaps
                   0  block input operations
                   0  block output operations
                   3  messages sent
                   0  messages received
                   0  signals received
                  71  voluntary context switches
              113415  involuntary context switches
        466777553061  instructions retired
        100650213717  cycles elapsed
           338773144  peak memory footprint
